// Jest Snapshot v1, https://goo.gl/fbAQLP

exports[`PhaseOnlineCinema component should render correctly 1`] = `
<div>
  <section
    class="case_phase-online-cinema"
  >
    <div
      class="container_regular"
    >
      <h3
        class="case_title_h2 m-24_bottom media-m-12_bottom"
      >
        
      Phase 1: Online cinema
    
      </h3>
       
      <p
        class="case_paragraph m-24_bottom"
      >
        
      Initially, it was decided to create a movie library with previews, duration information, etc. Purchasing videos
      was the easiest part. Pulling a good description for each movie from an external source eliminated the routine
      work related to content management. To address this issue.
    
      </p>
    </div>
     
    <div
      class="container_full background-color-silver"
    >
      <div
        class="container_regular"
      >
        <div
          class="case_lottie"
          id="online-cinema"
          style="width: 100%; height: 100%; overflow: hidden; margin: 0px auto;"
        >
          <svg
            height="753"
            preserveAspectRatio="xMidYMid meet"
            style="width: 100%; height: 100%; transform: translate3d(0,0,0);"
            viewBox="0 0 463 753"
            width="463"
            xmlns="http://www.w3.org/2000/svg"
          >
            <defs>
              <clippath
                id="__lottie_element_2"
              >
                <rect
                  height="753"
                  width="463"
                  x="0"
                  y="0"
                />
              </clippath>
              <clippath
                id="__lottie_element_4"
              >
                <path
                  d="M0,0 L463,0 L463,753 L0,753z"
                />
              </clippath>
            </defs>
            <g
              clip-path="url(#__lottie_element_2)"
            >
              <g
                clip-path="url(#__lottie_element_4)"
                opacity="1"
                style="display: block;"
                transform="matrix(1,0,0,1,0,0)"
              >
                <g
                  opacity="1"
                  style="display: block;"
                  transform="matrix(1,0,0,1,0.25,-0.75)"
                >
                  <g
                    opacity="1"
                    transform="matrix(1,0,0,1,231.75,48.75)"
                  >
                    <path
                      d="M0 0"
                      fill-opacity="0"
                      stroke="rgb(115,48,197)"
                      stroke-linecap="butt"
                      stroke-linejoin="miter"
                      stroke-miterlimit="4"
                      stroke-opacity="1"
                      stroke-width="1.5"
                    />
                  </g>
                </g>
                <g
                  style="display: none;"
                >
                  <g>
                    <path />
                  </g>
                </g>
                <g
                  style="display: none;"
                >
                  <g>
                    <path />
                  </g>
                </g>
                <g
                  style="display: none;"
                >
                  <g>
                    <path
                      fill-opacity="0"
                      stroke-linecap="round"
                      stroke-linejoin="round"
                    />
                  </g>
                </g>
                <g
                  style="display: none;"
                >
                  <g>
                    <path
                      fill-opacity="0"
                      stroke-linecap="butt"
                      stroke-linejoin="miter"
                      stroke-miterlimit="4"
                    />
                  </g>
                </g>
                <g
                  style="display: none;"
                >
                  <g>
                    <path />
                  </g>
                </g>
                <g
                  style="display: none;"
                >
                  <g>
                    <path
                      fill-opacity="0"
                      stroke-linecap="round"
                      stroke-linejoin="round"
                    />
                  </g>
                </g>
                <g
                  style="display: none;"
                >
                  <g>
                    <path
                      fill-opacity="0"
                      stroke-linecap="butt"
                      stroke-linejoin="miter"
                      stroke-miterlimit="4"
                    />
                  </g>
                </g>
                <g
                  style="display: none;"
                >
                  <g>
                    <path />
                  </g>
                </g>
                <g
                  style="display: none;"
                >
                  <g>
                    <path />
                  </g>
                </g>
                <g
                  style="display: none;"
                >
                  <g>
                    <path
                      fill-opacity="0"
                      stroke-linecap="round"
                      stroke-linejoin="round"
                    />
                  </g>
                </g>
                <g
                  style="display: none;"
                >
                  <g>
                    <path
                      fill-opacity="0"
                      stroke-linecap="round"
                      stroke-linejoin="round"
                    />
                  </g>
                </g>
                <g
                  style="display: none;"
                >
                  <g>
                    <path
                      fill-opacity="0"
                      stroke-linecap="butt"
                      stroke-linejoin="miter"
                      stroke-miterlimit="4"
                    />
                  </g>
                </g>
                <g
                  style="display: none;"
                >
                  <g>
                    <path />
                  </g>
                  <g>
                    <path />
                  </g>
                  <g>
                    <path />
                  </g>
                  <g>
                    <path />
                  </g>
                  <g>
                    <path />
                  </g>
                  <g>
                    <path />
                  </g>
                  <g>
                    <path />
                  </g>
                </g>
                <g
                  style="display: none;"
                >
                  <g>
                    <path
                      fill-opacity="0"
                      stroke-linecap="round"
                      stroke-linejoin="round"
                    />
                  </g>
                </g>
                <g
                  style="display: none;"
                >
                  <g>
                    <path
                      fill-opacity="0"
                      stroke-linecap="round"
                      stroke-linejoin="round"
                    />
                  </g>
                </g>
                <g
                  style="display: none;"
                >
                  <g>
                    <path
                      fill-opacity="0"
                      stroke-linecap="round"
                      stroke-linejoin="round"
                    />
                  </g>
                </g>
                <g
                  style="display: none;"
                >
                  <g>
                    <path
                      fill-opacity="0"
                      stroke-linecap="butt"
                      stroke-linejoin="miter"
                      stroke-miterlimit="4"
                    />
                  </g>
                </g>
                <g
                  style="display: none;"
                >
                  <g>
                    <path />
                    <path
                      fill-opacity="0"
                      stroke-linecap="butt"
                      stroke-linejoin="miter"
                      stroke-miterlimit="4"
                    />
                  </g>
                  <g>
                    <path />
                  </g>
                  <g>
                    <path
                      fill-opacity="0"
                      stroke-linecap="round"
                      stroke-linejoin="round"
                    />
                  </g>
                  <g>
                    <path
                      fill-opacity="0"
                      stroke-linecap="round"
                      stroke-linejoin="round"
                    />
                  </g>
                  <g>
                    <path
                      fill-opacity="0"
                      stroke-linecap="round"
                      stroke-linejoin="round"
                    />
                  </g>
                  <g>
                    <path
                      fill-opacity="0"
                      stroke-linecap="round"
                      stroke-linejoin="bevel"
                    />
                  </g>
                  <g>
                    <path
                      fill-opacity="0"
                      stroke-linecap="round"
                      stroke-linejoin="round"
                    />
                  </g>
                  <g>
                    <path
                      fill-opacity="0"
                      stroke-linecap="round"
                      stroke-linejoin="round"
                    />
                  </g>
                  <g>
                    <path />
                    <path
                      fill-opacity="0"
                      stroke-linecap="butt"
                      stroke-linejoin="miter"
                      stroke-miterlimit="4"
                    />
                  </g>
                  <g>
                    <path />
                    <path
                      fill-opacity="0"
                      stroke-linecap="butt"
                      stroke-linejoin="miter"
                      stroke-miterlimit="4"
                    />
                  </g>
                  <g>
                    <path
                      fill-opacity="0"
                      stroke-linecap="round"
                      stroke-linejoin="round"
                    />
                  </g>
                </g>
                <g
                  style="display: none;"
                >
                  <g>
                    <path />
                  </g>
                </g>
                <g
                  style="display: none;"
                >
                  <g>
                    <path
                      fill-opacity="0"
                      stroke-linecap="butt"
                      stroke-linejoin="miter"
                      stroke-miterlimit="4"
                    />
                  </g>
                </g>
                <g
                  style="display: none;"
                >
                  <g>
                    <path />
                  </g>
                </g>
                <g
                  style="display: none;"
                >
                  <g>
                    <path />
                  </g>
                </g>
                <g
                  style="display: none;"
                >
                  <g>
                    <path
                      fill-opacity="0"
                      stroke-linecap="butt"
                      stroke-linejoin="miter"
                      stroke-miterlimit="4"
                    />
                  </g>
                </g>
                <g
                  style="display: none;"
                >
                  <g>
                    <path />
                  </g>
                  <g>
                    <path />
                  </g>
                  <g>
                    <path />
                  </g>
                  <g>
                    <path />
                  </g>
                  <g>
                    <path />
                  </g>
                  <g>
                    <path />
                  </g>
                  <g>
                    <path />
                  </g>
                  <g>
                    <path />
                  </g>
                  <g>
                    <path />
                  </g>
                  <g>
                    <path />
                  </g>
                  <g>
                    <path />
                  </g>
                  <g>
                    <path />
                  </g>
                  <g>
                    <path />
                  </g>
                  <g>
                    <path />
                  </g>
                  <g>
                    <path />
                  </g>
                  <g>
                    <path />
                  </g>
                  <g>
                    <path />
                  </g>
                  <g>
                    <path />
                  </g>
                </g>
                <g
                  style="display: none;"
                >
                  <g>
                    <path />
                  </g>
                </g>
                <g
                  style="display: none;"
                >
                  <g>
                    <path
                      fill-opacity="0"
                      stroke-linecap="butt"
                      stroke-linejoin="miter"
                      stroke-miterlimit="4"
                    />
                  </g>
                </g>
                <g
                  style="display: none;"
                >
                  <g>
                    <path />
                  </g>
                </g>
                <g
                  style="display: none;"
                >
                  <g>
                    <path />
                  </g>
                </g>
                <g
                  style="display: none;"
                >
                  <g>
                    <path
                      fill-opacity="0"
                      stroke-linecap="butt"
                      stroke-linejoin="miter"
                      stroke-miterlimit="4"
                    />
                  </g>
                </g>
                <g
                  style="display: none;"
                >
                  <g>
                    <path />
                  </g>
                </g>
              </g>
            </g>
          </svg>
        </div>
      </div>
    </div>
     
    <div
      class="container_regular"
    >
      <blockquote
        class="case_blockquote m-auto m-96_top m-96_bottom media-m-48_top media-m-48_bottom"
      >
        <img
          alt="blockquote"
          class="case_blockquote-mark img_lazy"
          data-src="[object Object]"
        />
         
      Mad Devs integrated the platform with Plex Media Server, which provides free movie descriptions via an API.
    
      </blockquote>
       
      <h4
        class="case_title_h3 m-12_bottom"
      >
        
      TV shows & TV series
    
      </h4>
       
      <p
        class="case_paragraph m-96_bottom media-m-48_bottom"
      >
        
      To support the rising demand for content, the platform needed to accommodate TV shows and series. Each
      TV series collection was split into seasons for better navigation. Viewers could track their progress; some
      series were marked as already watched, and the remaining were added to the suggested content. The
      viewer could mark episodes as watched, or the platform did it automatically for them.
    
      </p>
    </div>
  </section>
</div>
`;
