// Jest Snapshot v1, https://goo.gl/fbAQLP

exports[`CardUseCase component should render correctly 1`] = `
<div>
  <div
    class="card-use-case"
  >
    <clientonly-stub>
      <h3
        class="card-use-case__title case_title_h4 card-use-case__undefined-title"
      >
        some-title
      </h3>
    </clientonly-stub>
     
    <div
      class="card-use-case__description-wrapper card-use-case__undefined-description-wrapper"
    >
      <p
        class="case_paragraph card-use-case__paragraph card-use-case__undefined-paragraph"
      >
        
      some-description
    
      </p>
       
      <div
        class="card-use-case__desktop-picture card-use-case__undefined-picture"
      >
        <picture>
          <source
            class="image"
            srcset="img.jpg ,img.jpg 2x"
            type="image/webp"
          />
           
          <img
            alt="alt"
            class="image"
            data-testid="test-picture-img"
            height="0"
            loading=""
            src="img.jpg"
            srcset="img.jpg 2x"
            width="0"
          />
        </picture>
      </div>
       
      <div
        class="card-use-case__mobile-picture card-use-case__undefined-mobile-picture"
      >
        <picture>
          <source
            class="image"
            srcset="img.jpg ,img.jpg 2x"
            type="image/webp"
          />
           
          <img
            alt="alt"
            class="image"
            data-testid="test-picture-img"
            height="0"
            loading=""
            src="img.jpg"
            srcset="img.jpg 2x"
            width="0"
          />
        </picture>
      </div>
    </div>
  </div>
</div>
`;
