// Jest Snapshot v1, https://goo.gl/fbAQLP

exports[`double Column Bordered slice component is a Vue instance 1`] = `
<div>
  <div
    class="post-section-bordered"
  >
    <div
      class="post-section-bordered__inner"
    >
      <div
        class="post-section-bordered__column post-section-bordered__column--left"
      />
       
      <div
        class="post-section-bordered__column post-section-bordered__column--right"
      >
        <prismicimage-stub />
      </div>
    </div>
  </div>
</div>
`;
