// Jest Snapshot v1, https://goo.gl/fbAQLP

exports[`beforeAfterImage component renders correctly 1`] = `
<div class="comparsion-container">
  <div class="comparsion-track-line"></div>
  <div class="comparsion-view">
    <div class="comparsion-image_before"></div> <img src="[object Object]" alt="GoDee Public Transportation App at 2018 and now." width="1000" height="578.47" loading="lazy" class="comparsion-image_after">
  </div>
</div>
`;
