// Jest Snapshot v1, https://goo.gl/fbAQLP

exports[`list technologies renders correctly 1`] = `
<ul
  class="case_list-technologies"
>
  <li>
    List item
  </li>
</ul>
`;
