// Jest Snapshot v1, https://goo.gl/fbAQLP

exports[`cardDeliveryServiceNambafood renders correctly 1`] = `
<div
  class="card-content"
>
  <h3
    class="card-content_title case_title_h5"
  >
    Delivery service Nambafood
  </h3>
   
  <p
    class="case_paragraph card-content_paragraph m-24_bottom"
  >
    
    For 5 years Namba Food actively evolves and monthly improves opportunities of software.
  
  </p>
   
  <div
    class="card-content_rows-wrap"
  >
    <div
      class="card-content_row m-24_bottom"
    >
      <p
        class="case_paragraph card-content_paragraph card-content_paragraph--bold"
      >
        
        Yearly increase in orders:
      
      </p>
       
      <div
        class="card-content_chart card-content_yearly-increase"
      />
    </div>
     
    <div
      class="card-content_row"
    >
      <p
        class="case_paragraph card-content_paragraph card-content_paragraph--bold"
      >
         Increase in sales: 
      </p>
       
      <div
        class="card-content_chart card-content_increase-in-sales"
      />
    </div>
  </div>
</div>
`;
