// Jest Snapshot v1, https://goo.gl/fbAQLP

exports[`Picture renders correctly 1`] = `
<picture>
  <source
    class="image box-shadow"
    srcset="[object Object] ,[object Object] 2x"
    type="image/webp"
  />
   
  <img
    alt="alt"
    class="image box-shadow"
    loading="lazy"
    src="[object Object]"
    srcset="[object Object] 2x"
  />
</picture>
`;
