// Jest Snapshot v1, https://goo.gl/fbAQLP

exports[`cardGoDeePreview renders correctly 1`] = `
<div
  class="card-content card-content_"
>
  <div
    class="card-content_text-wrapper"
  >
    <h4
      class="case_title_h4 card-content_title"
    >
      
    </h4>
     
    <p
      class="case_paragraph card-content_description"
    >
      
      
    
    </p>
  </div>
   
  <div
    class="card-content_image-wrapper card-content_image-wrapper-"
  >
    <picture
      class=""
    >
      <source
        class="image"
        srcset="[object Object] ,[object Object] 2x"
        type="image/webp"
      />
       
      <img
        alt="GoDee: bus transit app for passengers"
        class="image"
        height="0"
        loading=""
        src="[object Object]"
        srcset="[object Object] 2x"
        width="0"
      />
    </picture>
     
    <!---->
  </div>
</div>
`;
