// Jest Snapshot v1, https://goo.gl/fbAQLP

exports[`cuNavigation renders correctly 1`] = `
<div
  class="cluster-navigation"
>
  <div
    class="container"
  >
    <div
      class="cluster-navigation__title"
    >
      
    </div>
     
    <div
      class="cluster-navigation__inner"
    >
      <ol
        class="cluster-navigation__column cluster-navigation__column--left"
      >
        <router-link-stub
          class="cluster-navigation__nav-item"
          to="/customer-university/cu-test/"
        >
          <div
            class="index"
          >
            1.
          </div>
           
          <div
            class="label"
          >
            Chapter 1
          </div>
        </router-link-stub>
      </ol>
       
      <ol
        class="cluster-navigation__column cluster-navigation__column--right"
        start="2"
      >
        <router-link-stub
          class="cluster-navigation__nav-item"
          to="/customer-university/cu-test-2/"
        >
          <span
            class="index"
          >
            2.
          </span>
           
          <div
            class="label"
          >
            Chapter 2
          </div>
        </router-link-stub>
      </ol>
    </div>
  </div>
</div>
`;
