// Jest Snapshot v1, https://goo.gl/fbAQLP

exports[`customer University section component renders correctly 1`] = `
<section
  class="customer-university"
>
  <div
    class="container"
  >
    <div
      class="customer-university__title"
    >
      
      Customer
      <br />
       
      <span>
        University
      </span>
    </div>
     
    <div
      class="customer-university__wrapper"
    >
      <div
        class="customer-university__featured-post"
      >
        <!---->
      </div>
       
      <div
        class="customer-university__list"
      >
        <div
          class="customer-university__list-wrapper"
        >
          <h6
            class="customer-university__list-title"
          >
            Series of articles:
          </h6>
           
          <div />
           
          <div
            class="customer-university__list-show-more-wrapper"
          >
            <!---->
          </div>
        </div>
      </div>
    </div>
  </div>
</section>
`;
