// Jest Snapshot v1, https://goo.gl/fbAQLP

exports[`divider slice component renders correctly 1`] = `<hr />`;
