// Jest Snapshot v1, https://goo.gl/fbAQLP

exports[`featured post component renders correctly 1`] = `
<nuxt-link-stub
  class="featured-post"
  to="/blog/its-not-just-a-layout-what-do-you-need-to-know-to/"
>
  <div
    class="row featured-post__wrapper"
  >
    <div
      class="col-12 col-lg-6 featured-post__main"
    >
      <h1
        class="featured-post__title"
      >
        The best practices for improving layout quality on your website
      </h1>
       
      <p
        class="featured-post__paragraph"
      >
        Letâ€™s start with a partial list of how a valid and semantic layout can improve any project:
      </p>
       
      <div
        class="featured-post__data d-flex justify-content-between"
      >
        <div
          class="blog-post__author"
        >
          <img
            alt="Alisa Manakova"
            class="blog-post__author-image"
            src="https://images.prismic.io/superpupertest/255624bf-6a97-48ff-a3b6-337434ba4d33_2_orMuDx-7_VWwpnRL1Q1rxw.jpeg?auto=compress,format"
          />
           
          <div
            class="blog-post__author-info"
          >
            <p
              class="blog-post__author-name"
            >
              Alisa Manakova
            </p>
             
            <div
              class="blog-post__data-of-creation"
            >
              <span
                class="blog-post__author-title"
              >
                Chief Strategy Officer
              </span>
            </div>
          </div>
        </div>
         
        <div
          class="featured-post__meta"
        >
          <div
            class="post-tag dark"
          >
            <span
              class="tag"
            >
              markup
            </span>
          </div>
           
          <span
            class="created-at"
          >
            Aug 25, 2020
          </span>
        </div>
      </div>
    </div>
     
    <div
      class="col-12 col-lg-6 featured-post__image-wrapper"
    >
      <img
        class="featured-post__image"
        height="380"
        src="https://images.prismic.io/superpupertest/e746f4e6-ce33-47b7-b828-5f315fea2bbb_1_bmF_K9TNqtHpHzUUiI_y5Q.jpeg?auto=compress,format"
        width="700"
      />
    </div>
  </div>
</nuxt-link-stub>
`;
