// Jest Snapshot v1, https://goo.gl/fbAQLP

exports[`fileInput component renders correctly 1`] = `
<div
  class="file-input"
>
  <input
    accept=".pdf,.cv,.doc,.odt,.docx,.txt"
    class="file-input__uploader"
    id="file"
    name="file"
    type="file"
  />
   
  <span
    class="none-decorated-dash"
  >
    â€“
  </span>
   
  <label
    class="file-input__cv file-input__cv--attachable"
    for="file"
  >
    
    find attached my CV
  </label>
</div>
`;
