// Jest Snapshot v1, https://goo.gl/fbAQLP

exports[`footer renders correctly 1`] = `
<footer
  class="footer /"
>
  <div
    class="container"
  >
    <div
      class="footer__content row"
    >
      <div
        class="footer__left-content col-xl-8 col-lg-7 col-md-6"
      >
        <h2
          class="footer__main-title"
        >
          Get In Touch
        </h2>
         
        <footercontacts-stub />
         
        <footernavbar-stub
          class="footer__navbar-desktop"
        />
      </div>
       
      <div
        class="footer__form-wrap col-xl-4 col-lg-5 col-md-5"
      >
        <footerform-stub />
      </div>
    </div>
     
    <div
      class="footer__mobile-content footer__social-network-list-mobile"
    >
      <footersocialnetworklist-stub />
    </div>
     
    <div
      class="footer__mobile-content"
    >
      <footernavbarmobile-stub />
    </div>
  </div>
</footer>
`;
