// Jest Snapshot v1, https://goo.gl/fbAQLP

exports[`Image attribute slice component renders correctly 1`] = `
<div>
  <div
    class="post-part single"
  >
    <a
      class="block-img"
      href="https://blog.maddevs.io"
      target="_blank"
    >
      <prismic-image-stub
        field="[object Object]"
        title="[object Object]"
      />
    </a>
  </div>
</div>
`;
