// Jest Snapshot v1, https://goo.gl/fbAQLP

exports[`order Project From Us Modal renders correctly 1`] = `
<div
  class="form"
>
  <div
    class="fields-list"
  >
    <div
      class="modal-field-item field-item"
    >
      <p
        class="modal-field-name field-name required"
      >
        Full Name
      </p>
       
      <input
        class="modal-entry-field entry-field"
        placeholder="John Smith"
        type="text"
      />
       
      <!---->
    </div>
     
    <div
      class="modal-field-item field-item"
    >
      <p
        class="modal-field-name field-name required"
      >
        Company
      </p>
       
      <input
        class="modal-entry-field entry-field"
        placeholder="MyAwesomeCompany, Inc."
        type="text"
      />
       
      <!---->
    </div>
     
    <div
      class="modal-field-item field-item"
    >
      <p
        class="modal-field-name field-name required"
      >
        Work email
      </p>
       
      <input
        class="modal-entry-field entry-field"
        placeholder="your@mail.com"
        type="text"
      />
       
      <!---->
    </div>
     
    <div
      class="modal-field-item field-item"
    >
      <p
        class="modal-field-name field-name"
      >
        Phone number
      </p>
       
      <input
        class="modal-entry-field entry-field"
        placeholder="+1 23X XXX-XXXX"
        type="text"
      />
       
      <!---->
    </div>
     
    <div
      class="modal-field-item field-item"
    >
      <p
        class="modal-field-name field-name"
      >
        Project description
      </p>
       
      <textarea
        class="modal-entry-field entry-field textarea"
        placeholder="Describe your project..."
        type="text"
      />
       
      <!---->
    </div>
  </div>
   
  <div
    class="form-checkboxes"
  >
    <label
      class="form-checkbox-label required"
      for="privacy-policy-order-project-from-us"
    >
      I confirm that I have read and accepted
    
      <div>
        Mad Devs’
      </div>
       
      <a
        href="/privacy/"
        target="_blank"
      >
        Privacy Policy
      </a>
       
      <input
        class="form-checkbox-input"
        id="privacy-policy-order-project-from-us"
        name="Privacy policy"
        type="checkbox"
      />
       
      <div
        class="checkmark"
      />
    </label>
     
    <label
      class="form-checkbox-label"
      for="marketing-communications-order-project-from-us"
    >
      I agree to get
    
      <div>
        Mad Devs’
      </div>
      
    discount offers and other marketing communications.
    
      <input
        class="form-checkbox-input"
        id="marketing-communications-order-project-from-us"
        name="Marketing communications"
        type="checkbox"
      />
       
      <div
        class="checkmark"
      />
    </label>
  </div>
   
  <button
    class="ui-button modal-button ui-button--disabled"
  >
    
    Submit your project
  
  </button>
</div>
`;
