// Jest Snapshot v1, https://goo.gl/fbAQLP

exports[`OrderedListSlice component renders correctly 1`] = `
<ol
  class="case-list_numbered"
>
  <li
    class="case_list-numbered_item"
  >
    
    list item 1
  
  </li>
  <li
    class="case_list-numbered_item"
  >
    
    list item 2
  
  </li>
  <li
    class="case_list-numbered_item"
  >
    
    list item 3
  
  </li>
  <li
    class="case_list-numbered_item"
  >
    
    list item 4
  
  </li>
  <li
    class="case_list-numbered_item"
  >
    
    list item 5
  
  </li>
</ol>
`;
