// Jest Snapshot v1, https://goo.gl/fbAQLP

exports[`QuoteSlice component renders correctly 1`] = `
<div
  class="post-part single"
>
  <blockquote
    class="block-quotation"
  >
    <p>
      lorem ipsum dolor sit ame
    </p>
  </blockquote>
   
  <!---->
</div>
`;
