// Jest Snapshot v1, https://goo.gl/fbAQLP

exports[`Text slice component renders correctly 1`] = `
<div
  class="post-part single"
>
  <prismic-rich-text-stub
    class="textslice sample-text"
    field="[object Object]"
  />
</div>
`;
