// Jest Snapshot v1, https://goo.gl/fbAQLP

exports[`Why Us? renders correctly 1`] = `
<section
  class="why-us"
  id="why-us"
>
  <div
    class="container"
  >
    <div
      class="why-us__title-wrap"
    >
      <h2
        class="why-us__main-title"
      >
        Why us?
      </h2>
    </div>
     
    <div
      class="why-us__statistics-wrap"
    >
      <div
        class="why-us__customer-rates"
      >
        <div
          class="why-us__sub-title why-us__customer-rates-sub-title"
        >
          Fantastic customer 
          <br />
           satisfaction rates:
        </div>
         
        <div
          class="why-us__rates-list"
        >
          <div
            class="why-us__rates-item"
          >
            <div
              class="why-us__rates-number"
            >
              
              92
              <span>
                %
              </span>
            </div>
             
            <p
              class="why-us__item_description paragraph"
            >
              
              recommend us 
              <br />
               to others.
            
            </p>
          </div>
           
          <div
            class="why-us__rates-item"
          >
            <div
              class="why-us__rates-number"
            >
              
              87
              <span>
                %
              </span>
            </div>
             
            <p
              class="why-us__item_description paragraph"
            >
              
              stay with us for 
              <br />
               more than 2 years.
            
            </p>
          </div>
           
          <div
            class="why-us__rates-item"
          >
            <div
              class="why-us__rates-number"
            >
              
              98
              <span>
                %
              </span>
            </div>
             
            <p
              class="why-us__item_description paragraph"
            >
              
              are satisfied with our 
              <br />
               pricing.
            
            </p>
          </div>
        </div>
      </div>
       
      <div
        class="why-us__mad-devs_metrics"
      >
        <div
          class="why-us__sub-title why-us__mad-devs_metrics-sub-title"
        >
          Mad Devs' key 
          <br />
           metrics:
        </div>
         
        <div
          class="why-us__metrics-list"
        >
          <div
            class="why-us__metric-item"
          >
            <div
              class="why-us__metric-number"
            >
              
              50+
            
            </div>
             
            <p
              class="why-us__item_description paragraph"
            >
              
              projects delivered to 
              <br />
               customers by our team.
            
            </p>
          </div>
           
          <div
            class="why-us__metric-item"
          >
            <div
              class="why-us__metric-number"
            >
              
              100+
            
            </div>
             
            <p
              class="why-us__item_description paragraph"
            >
              
              staff members 
              <br />
               work for Mad Devs.
            
            </p>
          </div>
           
          <div
            class="why-us__metric-item"
          >
            <div
              class="why-us__metric-number"
            >
              
              10+ million
            
            </div>
             
            <p
              class="why-us__item_description paragraph"
            >
              
              US dollars raised by 
              <br />
               5 customer startups in 2019.
            
            </p>
          </div>
           
          <div
            class="why-us__metric-item"
          >
            <div
              class="why-us__metric-number"
            >
              
              75%
            
            </div>
             
            <p
              class="why-us__item_description paragraph"
            >
              
              of customers are now paying 
              <br />
               50% less for IT infrastructure.
            
            </p>
          </div>
           
          <div
            class="why-us__metric-item"
          >
            <div
              class="why-us__metric-number"
            >
              
              70+
            
            </div>
             
            <p
              class="why-us__item_description paragraph"
            >
              
              open-source projects 
              <br />
               on 
              <a
                href="https://github.com/maddevsio"
                target="blank"
              >
                GitHub.
              </a>
            </p>
          </div>
           
          <div
            class="why-us__metric-item"
          >
            <div
              class="why-us__metric-number"
            >
              
              30+
            
            </div>
             
            <p
              class="why-us__item_description paragraph"
            >
              
              tech bloggers and conference 
              <br />
               speakers on our team.
            
            </p>
          </div>
        </div>
      </div>
    </div>
  </div>
</section>
`;
