// Jest Snapshot v1, https://goo.gl/fbAQLP

exports[`SoftwareDevelopmentContent component should render correctly 1`] = `
<div>
  <div
    class="content-item col-xl-4 col-lg-4"
  >
    <div
      class="content-item__content-wrapper"
    >
      <div
        class="content-item__text-content"
      >
        <clientonly-stub>
          <h3
            class="item-title content-item__title"
          >
            
          some-title
        
          </h3>
           
          <h4
            class="item-sub-title content-item__sub-title"
          >
            
          sub-title
        
          </h4>
           
          <p
            class="paragraph content-item__paragraph content-item__paragraph-some-type"
            data-testid="test-paragraph"
          >
            first
          </p>
          <p
            class="paragraph content-item__paragraph content-item__paragraph-some-type"
            data-testid="test-paragraph"
          >
            second
          </p>
        </clientonly-stub>
      </div>
       
      <ul
        class="icons-list"
      />
    </div>
  </div>
</div>
`;
