// Jest Snapshot v1, https://goo.gl/fbAQLP

exports[`CustomerUniversitySection component should render correctly 1`] = `
<div>
  <section
    class="customer-university"
  >
    <div
      class="container"
    >
      <div
        class="customer-university__title"
      >
        
      Customer
        <br />
         
        <span>
          University
        </span>
      </div>
       
      <div
        class="customer-university__wrapper"
      >
        <div
          class="customer-university__featured-post"
        >
          <div
            class="featured-post"
          >
            <span
              class="featured-post__date"
            >
              
            </span>
             
            <nuxtlink-stub
              class="featured-post__content-wrapper"
              to="/customer-university/uid/"
            >
              <h2
                class="featured-post__title"
              >
                
              img.png
            
              </h2>
               
              <p
                class="featured-post__text"
              >
                
              
            
              </p>
            </nuxtlink-stub>
             
            <!---->
             
            <nuxtlink-stub
              class="featured-post__cover-wrapper"
              to="/customer-university/uid/"
            >
              <img
                class="featured-post__cover img_lazy"
                data-src=""
                height="347"
                width="560"
              />
            </nuxtlink-stub>
          </div>
        </div>
         
        <div
          class="customer-university__list"
        >
          <div
            class="customer-university__list-wrapper"
          >
            <span
              class="customer-university__list-title"
            >
              Series of articles:
            </span>
             
            <div />
             
            <div
              class="customer-university__list-show-more-wrapper"
            >
              <!---->
            </div>
          </div>
        </div>
      </div>
    </div>
  </section>
</div>
`;
