// Jest Snapshot v1, https://goo.gl/fbAQLP

exports[`FooterNavbarMobile component should render correctly 1`] = `
<div>
  <div
    class="footer-navbar-mobile"
  >
    <p
      class="footer-navbar-mobile__company-name"
    >
      
    Â© Mad Devs - 2021
  
    </p>
     
    <div
      class="footer-navbar-mobile__nav-list"
    >
      <nuxtlink
        class="footer-navbar-mobile__nav-link"
        target="_blank"
        to="/gdpr/"
      >
        
      GDPR Compliance Commitment
    
      </nuxtlink>
      <nuxtlink
        class="footer-navbar-mobile__nav-link"
        target="_blank"
        to="/nda/"
      >
        
      Non-Disclosure Agreement (NDA)
    
      </nuxtlink>
      <nuxtlink
        class="footer-navbar-mobile__nav-link"
        target="_blank"
        to="/privacy/"
      >
        
      Privacy Policy
    
      </nuxtlink>
      <nuxtlink
        class="footer-navbar-mobile__nav-link"
        target="_blank"
        to="/faq/"
      >
        
      FAQ
    
      </nuxtlink>
    </div>
  </div>
</div>
`;
