// Jest Snapshot v1, https://goo.gl/fbAQLP

exports[`ListTechnologiesItem components should render correctly 1`] = `
<div>
  <li
    class="case_technologies-item"
  >
    <!---->
     
    <!---->
  </li>
</div>
`;
