// Jest Snapshot v1, https://goo.gl/fbAQLP

exports[`TextQuote component should render correctly 1`] = `
<div>
  <blockquote
    class="case_blockquote"
  >
    <img
      alt="blockquote"
      class="case_blockquote-mark img_lazy"
      data-src="[object Object]"
    />
     Main Content
  </blockquote>
</div>
`;
