// Jest Snapshot v1, https://goo.gl/fbAQLP

exports[`post tag component is a Vue instance 1`] = `
<div>
  <nuxtlink
    event="click"
    tag="a"
    to="/blog/category/posttag"
  >
    <div
      class="post-tag light"
    >
      <span
        class="tag"
        data-testid="test-tag"
      >
        post-tag
      </span>
    </div>
  </nuxtlink>
</div>
`;
