// Jest Snapshot v1, https://goo.gl/fbAQLP

exports[`text slice component is a Vue instance 1`] = `
<div>
  <!---->
</div>
`;
