// Jest Snapshot v1, https://goo.gl/fbAQLP

exports[`CustomerRates should render correctly 1`] = `
<div>
  <section
    class="customer-rates"
    id="customer-rates"
  >
    <div
      class="container"
    >
      <h2
        class="customer-rates__main-title"
      >
        <span>
          Fantastic
        </span>
         
        <br />
        
      customer   
        <span
          class="customer-rates__title-icon"
        >
          rates:
        </span>
      </h2>
       
      <div
        class="customer-rates__row customer-rates__row--top"
      >
        <div
          class="customer-rates__row-item"
        >
          <div
            class="customer-rates__rates-block customer-rates__rates-block"
          >
            <p
              class="customer-rates__number-item customer-rates__number-item"
            >
              
            92%
          
            </p>
             
            <p
              class="customer-rates__description customer-rates__description"
            >
              
            recommend us
            
              <br
                class="customer-rates__line-break"
              />
              
            to others.
          
            </p>
          </div>
        </div>
        <div
          class="customer-rates__row-item"
        >
          <div
            class="customer-rates__rates-block customer-rates__rates-block"
          >
            <p
              class="customer-rates__number-item customer-rates__number-item"
            >
              
            87%
          
            </p>
             
            <p
              class="customer-rates__description customer-rates__description"
            >
              
            stay with us for
            
              <br
                class="customer-rates__line-break"
              />
              
            more than 2 years.
          
            </p>
          </div>
        </div>
        <div
          class="customer-rates__row-item"
        >
          <div
            class="customer-rates__rates-block customer-rates__rates-block"
          >
            <p
              class="customer-rates__number-item customer-rates__number-item"
            >
              
            98%
          
            </p>
             
            <p
              class="customer-rates__description customer-rates__description"
            >
              
            are satisfied with
            
              <br
                class="customer-rates__line-break"
              />
              
            our pricing.
          
            </p>
          </div>
        </div>
      </div>
       
      <h3
        class="customer-rates__section-sub-title"
      >
        
      Mad Devs' key metrics:
    
      </h3>
       
      <div
        class="customer-rates__row customer-rates__row--bottom"
      >
        <div
          class="customer-rates__row-item"
        >
          <div
            class="customer-rates__rates-block customer-rates__rates-block"
          >
            <p
              class="customer-rates__number-item customer-rates__number-item"
            >
              
            10M+
          
            </p>
             
            <p
              class="customer-rates__description customer-rates__description"
            >
              
            US dollars raised by 5 customer startups in 2019.
          
            </p>
          </div>
        </div>
        <div
          class="customer-rates__row-item"
        >
          <div
            class="customer-rates__rates-block customer-rates__rates-block"
          >
            <p
              class="customer-rates__number-item customer-rates__number-item"
            >
              
            75%
          
            </p>
             
            <p
              class="customer-rates__description customer-rates__description"
            >
              
            of customers are now paying 50% less for IT infrastructure.
          
            </p>
          </div>
        </div>
        <div
          class="customer-rates__row-item"
        >
          <div
            class="customer-rates__rates-block customer-rates__rates-block"
          >
            <p
              class="customer-rates__number-item customer-rates__number-item"
            >
              
            30+
          
            </p>
             
            <p
              class="customer-rates__description customer-rates__description"
            >
              
            tech bloggers and conference speakers in our team.
          
            </p>
          </div>
        </div>
        <div
          class="customer-rates__row-item"
        >
          <div
            class="customer-rates__rates-block customer-rates__rates-block"
          >
            <p
              class="customer-rates__number-item customer-rates__number-item"
            >
              
            50+
          
            </p>
             
            <p
              class="customer-rates__description customer-rates__description"
            >
              
            projects delivered to customers by our team.
          
            </p>
          </div>
        </div>
        <div
          class="customer-rates__row-item"
        >
          <div
            class="customer-rates__rates-block customer-rates__rates-block"
          >
            <p
              class="customer-rates__number-item customer-rates__number-item"
            >
              
            100+
          
            </p>
             
            <p
              class="customer-rates__description customer-rates__description"
            >
              
            staff members work for Mad Devs.
          
            </p>
          </div>
        </div>
        <div
          class="customer-rates__row-item"
        >
          <div
            class="customer-rates__rates-block customer-rates__rates-block"
          >
            <p
              class="customer-rates__number-item customer-rates__number-item"
            >
              
            70+
          
            </p>
             
            <p
              class="customer-rates__description customer-rates__description"
            >
              
            open-source projects on GitHub.
          
            </p>
          </div>
        </div>
      </div>
    </div>
  </section>
</div>
`;
