// Jest Snapshot v1, https://goo.gl/fbAQLP

exports[`ModalGetExpertAdvice component should render correctly 1`] = `
<div>
  <div
    class="form"
  >
    <div
      class="fields-list"
    >
      <div
        class="modal-field-item field-item"
      >
        <p
          class="modal-field-name field-name required"
        >
          
    Full Name
  
        </p>
         
        <div>
          <input
            class="modal-entry-field entry-field"
            data-testid="test-base-form-fullName"
            placeholder="John Smith"
            type="text"
          />
           
          <!---->
        </div>
         
        <!---->
      </div>
       
      <!---->
       
      <div
        class="modal-field-item field-item"
      >
        <p
          class="modal-field-name field-name required"
        >
          
    Work email
  
        </p>
         
        <div>
          <input
            class="modal-entry-field entry-field"
            data-testid="test-base-form-email"
            placeholder="your@mail.com"
            type="text"
          />
           
          <!---->
        </div>
         
        <!---->
      </div>
       
      <div
        class="modal-field-item field-item"
      >
        <p
          class="modal-field-name field-name"
        >
          
    Phone number
  
        </p>
         
        <div>
          <input
            class="modal-entry-field entry-field"
            data-testid="test-base-form-phoneNumber"
            placeholder="+X XXX XXX-XXXX"
            type="text"
          />
           
          <!---->
        </div>
         
        <!---->
      </div>
       
      <!---->
       
      <div
        class="modal-field-item field-item"
      >
        <p
          class="modal-field-name field-name"
        >
          
    Your questions on IT consulting
  
        </p>
         
        <div>
          <!---->
           
          <textarea
            class="modal-entry-field entry-field textarea"
            data-testid="test-base-form-questionsOnItConsulting"
            placeholder="Tell us how we can help you…"
          />
        </div>
         
        <!---->
      </div>
    </div>
     
    <div
      class="form-checkboxes"
    >
      <label
        class="form-checkbox-label required"
        for="privacy-policy-get-expert-advice-form"
      >
        I confirm that I have read and accepted
    
        <div>
          Mad Devs’
        </div>
         
        <a
          href="/privacy/"
          target="_blank"
        >
          Privacy Policy
        </a>
         
        <input
          class="form-checkbox-input"
          data-testid="test-privacy-policy-checkbox-input"
          id="privacy-policy-get-expert-advice-form"
          name="Privacy policy"
          type="checkbox"
        />
         
        <div
          class="checkmark"
        />
      </label>
       
      <label
        class="form-checkbox-label"
        for="marketing-communications-get-expert-advice-form"
      >
        I agree to get
    
        <div>
          Mad Devs’
        </div>
        
    discount offers and other marketing communications.
    
        <input
          class="form-checkbox-input"
          data-testid="test-form-checkbox-input"
          id="marketing-communications-get-expert-advice-form"
          name="Marketing communications"
          type="checkbox"
        />
         
        <div
          class="checkmark"
        />
      </label>
    </div>
     
    <button
      class="ui-button ui-button--disabled modal-button"
    >
      
    Get expert advice
  
    </button>
  </div>
</div>
`;
