// Jest Snapshot v1, https://goo.gl/fbAQLP

exports[`CTABanner component should render correctly 1`] = `
<div>
  <div
    class="cta-banner_container container"
  >
    <uibanner-stub
      image="[object Object]"
      imagealttext="Tamara"
      manname="Tamara Mun"
      manposition="Delivery Manager"
      text="Together we build solutions that bring digital innovation."
      title="Build your product <br /> with Mad Devs"
    >
      <uibutton-stub>
        
      Estimate your project
    
      </uibutton-stub>
    </uibanner-stub>
     
    <transition-stub
      mode="out-in"
      name="main-fade"
    >
      <!---->
    </transition-stub>
  </div>
</div>
`;
