// Jest Snapshot v1, https://goo.gl/fbAQLP

exports[`Hardware component should render correctly 1`] = `
<div>
  <section>
    <section
      class="container_regular"
    >
      <h2
        class="case_title_h2 m-56_top media-m-48_top m-12_bottom"
      >
        
      SJMC Hardware
    
      </h2>
       
      <p
        class="case_paragraph m-48_bottom media-m-24_bottom"
      >
        
      Hundreds of pieces of equipment are master-mindedly organised to transform content stored in audio, video, and
      subtitles format to interactive monitors that are run on multiple servers.
    
      </p>
    </section>
     
    <section
      class="container_full case_full-screen-img"
    >
      <picture>
        <source
          class="image"
          srcset="/images/Cases/sjmc/webp/immersive-gallery.webp ,/images/Cases/sjmc/webp/immersive-gallery@2x.webp 2x"
          type="image/webp"
        />
         
        <img
          alt="The SJMC Immersive Gallery."
          class="image"
          data-testid="test-picture-img"
          height="0"
          loading="lazy"
          src="/images/Cases/sjmc/jpg/immersive-gallery.jpg"
          srcset="/images/Cases/sjmc/jpg/immersive-gallery@2x.jpg 2x"
          width="0"
        />
      </picture>
    </section>
     
    <section
      class="container_regular"
    >
      <h3
        class="case_title_h3 m-48_top m-12_bottom"
      >
        
      WATCHOUT
    
      </h3>
       
      <p
        class="case_paragraph m-48_bottom media-m-24_bottom"
      >
        
      WATCHOUT is a multi-display production and presentation system that enables the SJMC to arrange displays in
      unusual ways and create seamless images and videos. The absence of gaps between display surfaces is possible
      due to the WATCHOUT system that distributes the content and keeps everything in sync across all connected
      displays.
    
      </p>
    </section>
     
    <section
      class="container_full background-color-silver"
    >
      <section
        class="container_middle"
      >
        <img
          alt="WATCHOUT - Multi-Display Production and Presentation Software."
          class="case_gif"
          src="/images/Cases/sjmc/gif/watchpax.gif"
        />
      </section>
    </section>
     
    <section
      class="container_regular"
    >
      <h3
        class="case_title_h3 m-96_top media-m-48_top m-12_bottom"
      >
        
      BRIX
    
      </h3>
       
      <p
        class="case_paragraph m-48_bottom media-m-24_bottom"
      >
        
      Essentially, BRIX is an ultra-compact multimedia computer that can be hung on a wall. The advanced graphics
      card delivers heavy content to multiple monitors simultaneously. Moreover, each BRIX is managed by the MMIT
      Brain to work in synchronisation with mobile applications.
    
      </p>
    </section>
     
    <section
      class="container_full background-color-silver"
    >
      <section
        class="container_middle"
      >
        <img
          alt="Ultra-Compact Multimedia Computer - BRIX."
          class="case_gif"
          src="/images/Cases/sjmc/gif/brix.gif"
        />
      </section>
    </section>
     
    <section
      class="container_regular"
    >
      <h3
        class="case_title_h3 m-96_top media-m-48_top m-12_bottom"
      >
        
      Bluetooth beacons
    
      </h3>
       
      <p
        class="case_paragraph m-24_bottom media-m-12_bottom"
      >
        
      The mobile application’s positioning algorithm collects the location data of each user via 150 Bluetooth
      beacons located all over the centre.
    
      </p>
       
      <p
        class="case_paragraph m-48_bottom media-m-24_bottom"
      >
        
      The limited space in the SJMC made detecting each visitor’s location and continuously refreshing a list of
      available content nearby challenging.
    
      </p>
    </section>
     
    <section
      class="container_full video-section background-color-black-primary"
    >
      <div
        class="case_sjmc-phone-video-wrapper case_sjmc-phone-video-wrapper--on-pause case_full-screen-video"
        data-testid="test-case_sjmc-phone"
      >
        <video
          height="100%"
          playsinline=""
          width="100%"
        >
          <source
            src="/videos/bluetooth-beacons-video.9ca649c.mp4"
            type="video/mp4"
          />
          
        Your browser does not support the video tag.
        
          <img
            src="/images/Cases/sjmc/png/bluetooth-beacons-video-background.png"
          />
        </video>
      </div>
    </section>
     
    <section
      class="container_regular"
    >
      <p
        class="case_image-description m-34_top media-m-24_top"
      >
        
      Playback of content in the application when approaching the bluetooth beacons.
    
      </p>
    </section>
     
    <section
      class="container_regular m-56_top media-m-24_top m-96_bottom media-m-72_bottom"
    >
      <div
        class="case_column-container"
      >
        <div
          class="case_column-item"
        >
          <h4
            class="case_title_h4 m-8_bottom media-m-2_bottom"
          >
            
          60,000 visitors
        
          </h4>
           
          <p
            class="case_paragraph"
          >
             On an annual basis move throughout the centre. 
          </p>
        </div>
         
        <div
          class="case_column-item"
        >
          <h4
            class="case_title_h4 m-8_bottom media-m-2_bottom"
          >
            
          150 Bluetooth beacons
        
          </h4>
           
          <p
            class="case_paragraph"
          >
            
          Determine the location of each smartphone to deliver the right content at the right time.
        
          </p>
        </div>
      </div>
    </section>
  </section>
</div>
`;
